18:28:20: Connecting to COM4
18:28:21: Connected to COM4
18:28:21: CAT command: get frequency
18:28:21: CAT: b'\xfe\xfe\x88\xe0\x03\xfd'
18:28:21: CAT: Icom responded with b'\xfe\xfe\x88\xe0\x03\xfd\xfe\xfe\xe0\x88\x03\x000W\x03\x00\xfd'
18:28:21: Commanding Arduino: <RM>
18:28:21: Commanding Arduino: <ML>
18:28:21: Commanding Arduino: <RA>
18:28:21: Commanding Arduino: <RM>
18:28:21: Commanding Arduino: <ML>
18:28:23: Commanding Arduino: <T310>
18:28:23: Tune to: 310
18:28:23: b'READY\r\n'
18:28:23: b'\r\n'
18:28:23: b'CurrStep 312\r\n'
18:28:23: b'Tune to: 310\r\n'
18:28:23: b'TUNING DOWN\r\n'
18:28:23: b'\r\n'
18:28:24: b'CurrStep 312\r\n'
18:28:24: b'\r\n'
18:28:24: Connecting to COM4
18:28:24: Connected to COM4
18:28:24: CAT command: get frequency
18:28:24: CAT: b'\xfe\xfe\x88\xe0\x03\xfd'
18:28:24: CAT: Icom responded with b'\xfe\xfe\x88\xe0\x03\xfd\xfe\xfe\xe0\x88\x03\x000W\x03\x00\xfd'
18:28:24: b'CurrStep 312\r\n'
18:28:24: b'\r\n'
18:28:24: b'CurrStep 313\r\n'
18:28:25: b'\r\n'
18:28:25: b'CurrStep 312\r\n'
18:28:25: b'\r\n'
18:28:25: b'CurrStep 312\r\n'
18:28:25: b'\r\n'
18:28:25: b'CurrStep 312\r\n'
18:28:25: Connecting to COM4
18:28:25: Connected to COM4
18:28:25: CAT command: get frequency
18:28:25: CAT: b'\xfe\xfe\x88\xe0\x03\xfd'
18:28:26: CAT: Icom responded with b'\xfe\xfe\x88\xe0\x03\xfd\xfe\xfe\xe0\x88\x03\x000W\x03\x00\xfd'
18:28:26: b'\r\n'
18:28:26: b'CurrStep 311\r\n'
18:28:26: b'\r\n'
18:28:26: b'CurrStep 311\r\n'
18:28:26: b'\r\n'
18:28:26: b'CurrStep 310\r\n'
18:28:26: b'\r\n'
18:28:26: b'CurrStep 310\r\n'
18:28:27: b'\r\n'
18:28:27: Connecting to COM4
18:28:27: Connected to COM4
18:28:27: CAT command: get frequency
18:28:27: CAT: b'\xfe\xfe\x88\xe0\x03\xfd'
18:28:27: CAT: Icom responded with b'\xfe\xfe\x88\xe0\x03\xfd\xfe\xfe\xe0\x88\x03\x000W\x03\x00\xfd'
18:28:27: b'CurrStep 309\r\n'
18:28:27: b'\r\n'
18:28:27: b'CurrStep 308\r\n'
18:28:27: b'\r\n'
18:28:27: b'CurrStep 308\r\n'
18:28:28: b'\r\n'
18:28:28: b'CurrStep 307\r\n'
18:28:28: b'\r\n'
18:28:28: b'CurrStep 306\r\n'
18:28:28: Connecting to COM4
18:28:28: Connected to COM4
18:28:28: CAT command: get frequency
18:28:28: CAT: b'\xfe\xfe\x88\xe0\x03\xfd'
18:28:28: CAT: Icom responded with b'\xfe\xfe\x88\xe0\x03\xfd\xfe\xfe\xe0\x88\x03\x000W\x03\x00\xfd'
18:28:28: b'\r\n'
18:28:28: b'CurrStep 306\r\n'
18:28:29: b'\r\n'
18:28:29: b'CurrStep 305\r\n'
18:28:29: b'TUNING UP (fine)\r\n'
18:28:29: b'\r\n'
18:28:29: b'CurrStep 302\r\n'
18:28:29: b'\r\n'
18:28:29: b'CurrStep 302\r\n'
18:28:29: Connecting to COM4
18:28:29: Connected to COM4
18:28:29: CAT command: get frequency
18:28:30: CAT: b'\xfe\xfe\x88\xe0\x03\xfd'
18:28:30: CAT: Icom responded with b'\xfe\xfe\x88\xe0\x03\xfd\xfe\xfe\xe0\x88\x03\x000W\x03\x00\xfd'
18:28:30: b'\r\n'
18:28:30: b'CurrStep 303\r\n'
18:28:30: b'\r\n'
18:28:30: b'CurrStep 302\r\n'
18:28:30: b'\r\n'
18:28:30: b'CurrStep 302\r\n'
18:28:30: b'\r\n'
18:28:30: b'CurrStep 302\r\n'
18:28:31: b'\r\n'
18:28:31: b'CurrStep 303\r\n'
18:28:31: Connecting to COM4
18:28:31: Connected to COM4
18:28:31: CAT command: get frequency
18:28:31: CAT: b'\xfe\xfe\x88\xe0\x03\xfd'
18:28:31: CAT: Icom responded with b'\xfe\xfe\x88\xe0\x03\xfd\xfe\xfe\xe0\x88\x03\x000W\x03\x00\xfd'
18:28:31: b'\r\n'
18:28:31: b'CurrStep 302\r\n'
18:28:31: b'\r\n'
18:28:31: b'CurrStep 303\r\n'
18:28:31: b'\r\n'
18:28:31: b'CurrStep 303\r\n'
18:28:32: b'\r\n'
18:28:32: b'CurrStep 304\r\n'
18:28:32: b'\r\n'
18:28:32: b'CurrStep 305\r\n'
18:28:32: b'\r\n'
18:28:32: Connecting to COM4
18:28:32: Connected to COM4
18:28:32: CAT command: get frequency
18:28:32: CAT: b'\xfe\xfe\x88\xe0\x03\xfd'
18:28:32: CAT: Icom responded with b'\xfe\xfe\x88\xe0\x03\xfd\xfe\xfe\xe0\x88\x03\x000W\x03\x00\xfd'
18:28:32: b'CurrStep 305\r\n'
18:28:32: b'\r\n'
18:28:32: b'CurrStep 306\r\n'
18:28:33: b'\r\n'
18:28:33: b'CurrStep 306\r\n'
18:28:33: b'\r\n'
18:28:33: b'CurrStep 307\r\n'
18:28:33: b'\r\n'
18:28:33: b'CurrStep 307\r\n'
18:28:33: b'\r\n'
18:28:33: b'CurrStep 308\r\n'
18:28:33: Connecting to COM4
18:28:33: Connected to COM4
18:28:33: CAT command: get frequency
18:28:33: CAT: b'\xfe\xfe\x88\xe0\x03\xfd'
18:28:34: CAT: Icom responded with b'\xfe\xfe\x88\xe0\x03\xfd\xfe\xfe\xe0\x88\x03\x000W\x03\x00\xfd'
18:28:34: b'\r\n'
18:28:34: b'CurrStep 309\r\n'
18:28:34: b'\r\n'
18:28:34: b'CurrStep 309\r\n'
18:28:34: b'\r\n'
18:28:34: b'CurrStep 310\r\n'
18:28:34: b'\r\n'
18:28:34: b'TUNED 310\r\n'
18:28:34: TUNED
18:28:35: Connecting to COM4
18:28:35: Connected to COM4
18:28:35: CAT command: get frequency
18:28:35: CAT: b'\xfe\xfe\x88\xe0\x03\xfd'
18:28:35: CAT: Icom responded with b'\xfe\xfe\x88\xe0\x03\xfd\xfe\xfe\xe0\x88\x03\x000W\x03\x00\xfd'
18:28:36: Connecting to COM4
18:28:36: Connected to COM4
18:28:36: CAT command: get frequency
18:28:36: CAT: b'\xfe\xfe\x88\xe0\x03\xfd'
18:28:36: CAT: Icom responded with b'\xfe\xfe\x88\xe0\x03\xfd\xfe\xfe\xe0\x88\x03\x000W\x03\x00\xfd'
18:28:37: Connecting to COM4
18:28:37: Connected to COM4
18:28:37: CAT command: get frequency
18:28:37: CAT: b'\xfe\xfe\x88\xe0\x03\xfd'
18:28:37: CAT: Icom responded with b'\xfe\xfe\x88\xe0\x03\xfd\xfe\xfe\xe0\x88\x03\x000W\x03\x00\xfd'
18:28:39: Connecting to COM4
18:28:39: Connected to COM4
18:28:39: CAT command: get frequency
18:28:39: CAT: b'\xfe\xfe\x88\xe0\x03\xfd'
18:28:39: CAT: Icom responded with b'\xfe\xfe\x88\xe0\x03\xfd\xfe\xfe\xe0\x88\x03\x000W\x03\x00\xfd'
18:28:40: Connecting to COM4
18:28:40: Connected to COM4
18:28:40: CAT command: get frequency
18:28:40: CAT: b'\xfe\xfe\x88\xe0\x03\xfd'
18:28:40: CAT: Icom responded with b'\xfe\xfe\x88\xe0\x03\xfd\xfe\xfe\xe0\x88\x03\x000W\x03\x00\xfd'
18:28:41: Connecting to COM4
18:28:41: Connected to COM4
18:28:41: CAT command: get frequency
18:28:41: CAT: b'\xfe\xfe\x88\xe0\x03\xfd'
18:28:41: CAT: Icom responded with b'\xfe\xfe\x88\xe0\x03\xfd\xfe\xfe\xe0\x88\x03\x000W\x03\x00\xfd'
18:28:42: Connecting to COM4
18:28:42: Connected to COM4
18:28:43: CAT command: get frequency
18:28:43: CAT: b'\xfe\xfe\x88\xe0\x03\xfd'
18:28:43: CAT: Icom responded with b'\xfe\xfe\x88\xe0\x03\xfd\xfe\xfe\xe0\x88\x03\x000W\x03\x00\xfd'
18:28:44: Connecting to COM4
18:28:44: Connected to COM4
18:28:44: CAT command: get frequency
18:28:44: CAT: b'\xfe\xfe\x88\xe0\x03\xfd'
18:28:44: CAT: Icom responded with b'\xfe\xfe\x88\xe0\x03\xfd\xfe\xfe\xe0\x88\x03\x000W\x03\x00\xfd'
18:28:45: Connecting to COM4
18:28:45: Connected to COM4
18:28:45: CAT command: get frequency
18:28:45: CAT: b'\xfe\xfe\x88\xe0\x03\xfd'
18:28:45: CAT: Icom responded with b'\xfe\xfe\x88\xe0\x03\xfd\xfe\xfe\xe0\x88\x03\x000W\x03\x00\xfd'
18:28:46: Connecting to COM4
18:28:46: Connected to COM4
18:28:47: CAT command: get frequency
18:28:47: CAT: b'\xfe\xfe\x88\xe0\x03\xfd'
18:28:47: CAT: Icom responded with b'\xfe\xfe\x88\xe0\x03\xfd\xfe\xfe\xe0\x88\x03\x000W\x03\x00\xfd'
18:28:48: Connecting to COM4
18:28:48: Connected to COM4
18:28:48: CAT command: get frequency
18:28:48: CAT: b'\xfe\xfe\x88\xe0\x03\xfd'
18:28:48: CAT: Icom responded with b'\xfe\xfe\x88\xe0\x03\xfd\xfe\xfe\xe0\x88\x03\x000W\x03\x00\xfd'
18:28:49: Connecting to COM4
18:28:49: Connected to COM4
18:28:49: CAT command: get frequency
18:28:49: CAT: b'\xfe\xfe\x88\xe0\x03\xfd'
18:28:49: CAT: Icom responded with b'\xfe\xfe\x88\xe0\x03\xfd\xfe\xfe\xe0\x88\x03\x000W\x03\x00\xfd'
18:28:50: Connecting to COM4
18:28:50: Connected to COM4
18:28:51: CAT command: get frequency
18:28:51: CAT: b'\xfe\xfe\x88\xe0\x03\xfd'
18:28:51: CAT: Icom responded with b'\xfe\xfe\x88\xe0\x03\xfd\xfe\xfe\xe0\x88\x03\x000W\x03\x00\xfd'
18:28:52: Connecting to COM4
18:28:52: Connected to COM4
18:28:52: CAT command: get frequency
18:28:52: CAT: b'\xfe\xfe\x88\xe0\x03\xfd'
18:28:52: CAT: Icom responded with b'\xfe\xfe\x88\xe0\x03\xfd\xfe\xfe\xe0\x88\x03\x000W\x03\x00\xfd'
18:28:53: Connecting to COM4
18:28:53: Connected to COM4
18:28:53: CAT command: get frequency
18:28:53: CAT: b'\xfe\xfe\x88\xe0\x03\xfd'
18:28:53: CAT: Icom responded with b'\xfe\xfe\x88\xe0\x03\xfd\xfe\xfe\xe0\x88\x03\x000W\x03\x00\xfd'
18:28:54: Connecting to COM4
18:28:54: Connected to COM4
18:28:55: CAT command: get frequency
18:28:55: CAT: b'\xfe\xfe\x88\xe0\x03\xfd'
18:28:55: CAT: Icom responded with b'\xfe\xfe\x88\xe0\x03\xfd\xfe\xfe\xe0\x88\x03\x000W\x03\x00\xfd'
18:28:56: Connecting to COM4
18:28:56: Connected to COM4
18:28:56: CAT command: get frequency
18:28:56: CAT: b'\xfe\xfe\x88\xe0\x03\xfd'
18:28:56: CAT: Icom responded with b'\xfe\xfe\x88\xe0\x03\xfd\xfe\xfe\xe0\x88\x03\x000W\x03\x00\xfd'
18:28:57: Connecting to COM4
18:28:57: Connected to COM4
18:28:57: CAT command: get frequency
18:28:57: CAT: b'\xfe\xfe\x88\xe0\x03\xfd'
18:28:57: CAT: Icom responded with b'\xfe\xfe\x88\xe0\x03\xfd\xfe\xfe\xe0\x88\x03\x000W\x03\x00\xfd'
18:28:58: Connecting to COM4
18:28:58: Connected to COM4
18:28:59: CAT command: get frequency
18:28:59: CAT: b'\xfe\xfe\x88\xe0\x03\xfd'
18:28:59: CAT: Icom responded with b'\xfe\xfe\x88\xe0\x03\xfd\xfe\xfe\xe0\x88\x03\x000W\x03\x00\xfd'
18:29:00: Connecting to COM4
18:29:00: Connected to COM4
18:29:00: CAT command: get frequency
18:29:00: CAT: b'\xfe\xfe\x88\xe0\x03\xfd'
18:29:00: CAT: Icom responded with b'\xfe\xfe\x88\xe0\x03\xfd\xfe\xfe\xe0\x88\x03\x000W\x03\x00\xfd'
18:29:01: Connecting to COM4
18:29:01: Connected to COM4
18:29:01: CAT command: get frequency
18:29:01: CAT: b'\xfe\xfe\x88\xe0\x03\xfd'
18:29:01: CAT: Icom responded with b'\xfe\xfe\x88\xe0\x03\xfd\xfe\xfe\xe0\x88\x03\x000W\x03\x00\xfd'
18:29:02: Connecting to COM4
18:29:02: Connected to COM4
18:29:03: CAT command: get frequency
18:29:03: CAT: b'\xfe\xfe\x88\xe0\x03\xfd'
18:29:03: CAT: Icom responded with b'\xfe\xfe\x88\xe0\x03\xfd\xfe\xfe\xe0\x88\x03\x000W\x03\x00\xfd'
18:29:04: Connecting to COM4
18:29:04: Connected to COM4
18:29:04: CAT command: get frequency
18:29:04: CAT: b'\xfe\xfe\x88\xe0\x03\xfd'
18:29:04: CAT: Icom responded with b'\xfe\xfe\x88\xe0\x03\xfd\xfe\xfe\xe0\x88\x03\x000W\x03\x00\xfd'
18:29:05: Connecting to COM4
18:29:05: Connected to COM4
18:29:05: CAT command: get frequency
18:29:05: CAT: b'\xfe\xfe\x88\xe0\x03\xfd'
18:29:05: CAT: Icom responded with b'\xfe\xfe\x88\xe0\x03\xfd\xfe\xfe\xe0\x88\x03\x000W\x03\x00\xfd'
18:29:06: Connecting to COM4
18:29:06: Connected to COM4
18:29:06: CAT command: get frequency
18:29:06: CAT: b'\xfe\xfe\x88\xe0\x03\xfd'
18:29:07: CAT: Icom responded with b'\xfe\xfe\x88\xe0\x03\xfd\xfe\xfe\xe0\x88\x03\x000W\x03\x00\xfd'
18:29:08: Connecting to COM4
18:29:08: Connected to COM4
18:29:08: CAT command: get frequency
18:29:08: CAT: b'\xfe\xfe\x88\xe0\x03\xfd'
18:29:08: CAT: Icom responded with b'\xfe\xfe\x88\xe0\x03\xfd\xfe\xfe\xe0\x88\x03\x000W\x03\x00\xfd'
18:29:09: Connecting to COM4
18:29:09: Connected to COM4
18:29:09: CAT command: get frequency
18:29:09: CAT: b'\xfe\xfe\x88\xe0\x03\xfd'
18:29:09: CAT: Icom responded with b'\xfe\xfe\x88\xe0\x03\xfd\xfe\xfe\xe0\x88\x03\x000W\x03\x00\xfd'
18:29:10: Connecting to COM4
18:29:10: Connected to COM4
18:29:10: CAT command: get frequency
18:29:10: CAT: b'\xfe\xfe\x88\xe0\x03\xfd'
18:29:11: CAT: Icom responded with b'\xfe\xfe\x88\xe0\x03\xfd\xfe\xfe\xe0\x88\x03\x000W\x03\x00\xfd'
18:29:12: Connecting to COM4
18:29:12: Connected to COM4
18:29:12: CAT command: get frequency
18:29:12: CAT: b'\xfe\xfe\x88\xe0\x03\xfd'
18:29:12: CAT: Icom responded with b'\xfe\xfe\x88\xe0\x03\xfd\xfe\xfe\xe0\x88\x03\x000W\x03\x00\xfd'
18:29:13: Connecting to COM4
18:29:13: Connected to COM4
18:29:13: CAT command: get frequency
18:29:13: CAT: b'\xfe\xfe\x88\xe0\x03\xfd'
18:29:13: CAT: Icom responded with b'\xfe\xfe\x88\xe0\x03\xfd\xfe\xfe\xe0\x88\x03\x000W\x03\x00\xfd'
18:29:14: Connecting to COM4
18:29:14: Connected to COM4
18:29:14: CAT command: get frequency
18:29:14: CAT: b'\xfe\xfe\x88\xe0\x03\xfd'
18:29:15: CAT: Icom responded with b'\xfe\xfe\x88\xe0\x03\xfd\xfe\xfe\xe0\x88\x03\x000W\x03\x00\xfd'
18:29:16: Connecting to COM4
18:29:16: Connected to COM4
18:29:16: CAT command: get frequency
18:29:16: CAT: b'\xfe\xfe\x88\xe0\x03\xfd'
18:29:16: CAT: Icom responded with b'\xfe\xfe\x88\xe0\x03\xfd\xfe\xfe\xe0\x88\x03\x000W\x03\x00\xfd'
18:29:17: Connecting to COM4
18:29:17: Connected to COM4
18:29:17: CAT command: get frequency
18:29:17: CAT: b'\xfe\xfe\x88\xe0\x03\xfd'
18:29:17: CAT: Icom responded with b'\xfe\xfe\x88\xe0\x03\xfd\xfe\xfe\xe0\x88\x03\x000W\x03\x00\xfd'
18:29:18: Connecting to COM4
18:29:18: Connected to COM4
18:29:18: CAT command: get frequency
18:29:18: CAT: b'\xfe\xfe\x88\xe0\x03\xfd'
18:29:19: CAT: Icom responded with b'\xfe\xfe\x88\xe0\x03\xfd\xfe\xfe\xe0\x88\x03\x000W\x03\x00\xfd'
18:29:20: Connecting to COM4
18:29:20: Connected to COM4
18:29:20: CAT command: get frequency
18:29:20: CAT: b'\xfe\xfe\x88\xe0\x03\xfd'
18:29:20: CAT: Icom responded with b'\xfe\xfe\x88\xe0\x03\xfd\xfe\xfe\xe0\x88\x03\x000W\x03\x00\xfd'
18:29:21: Connecting to COM4
18:29:21: Connected to COM4
18:29:21: CAT command: get frequency
18:29:21: CAT: b'\xfe\xfe\x88\xe0\x03\xfd'
18:29:21: CAT: Icom responded with b'\xfe\xfe\x88\xe0\x03\xfd\xfe\xfe\xe0\x88\x03\x000W\x03\x00\xfd'
18:29:22: Connecting to COM4
18:29:22: Connected to COM4
18:29:22: CAT command: get frequency
18:29:22: CAT: b'\xfe\xfe\x88\xe0\x03\xfd'
18:29:23: CAT: Icom responded with b'\xfe\xfe\x88\xe0\x03\xfd\xfe\xfe\xe0\x88\x03\x000W\x03\x00\xfd'
18:29:24: Connecting to COM4
18:29:24: Connected to COM4
18:29:24: CAT command: get frequency
18:29:24: CAT: b'\xfe\xfe\x88\xe0\x03\xfd'
18:29:24: CAT: Icom responded with b'\xfe\xfe\x88\xe0\x03\xfd\xfe\xfe\xe0\x88\x03\x000W\x03\x00\xfd'
18:29:25: Connecting to COM4
18:29:25: Connected to COM4
18:29:25: CAT command: get frequency
18:29:25: CAT: b'\xfe\xfe\x88\xe0\x03\xfd'
18:29:25: CAT: Icom responded with b'\xfe\xfe\x88\xe0\x03\xfd\xfe\xfe\xe0\x88\x03\x000W\x03\x00\xfd'
18:29:26: Connecting to COM4
18:29:26: Connected to COM4
18:29:26: CAT command: get frequency
18:29:26: CAT: b'\xfe\xfe\x88\xe0\x03\xfd'
18:29:26: CAT: Icom responded with b'\xfe\xfe\x88\xe0\x03\xfd\xfe\xfe\xe0\x88\x03\x000W\x03\x00\xfd'
18:29:28: Connecting to COM4
18:29:28: Connected to COM4
18:29:28: CAT command: get frequency
18:29:28: CAT: b'\xfe\xfe\x88\xe0\x03\xfd'
18:29:28: CAT: Icom responded with b'\xfe\xfe\x88\xe0\x03\xfd\xfe\xfe\xe0\x88\x03\x000W\x03\x00\xfd'
18:29:29: Connecting to COM4
18:29:29: Connected to COM4
18:29:29: CAT command: get frequency
18:29:29: CAT: b'\xfe\xfe\x88\xe0\x03\xfd'
18:29:29: CAT: Icom responded with b'\xfe\xfe\x88\xe0\x03\xfd\xfe\xfe\xe0\x88\x03\x000W\x03\x00\xfd'
18:29:30: Connecting to COM4
